../Core/Src/main.c:105:6:updateBrightness	24	static
../Core/Src/main.c:138:6:HAL_TIM_PeriodElapsedCallback	16	static
../Core/Src/main.c:164:5:main	16	static
../Core/Src/main.c:262:6:SystemClock_Config	88	static
../Core/Src/main.c:307:6:PeriphCommonClock_Config	32	static
../Core/Src/main.c:328:13:MX_I2C1_Init	8	static
../Core/Src/main.c:362:13:MX_I2S2_Init	8	static
../Core/Src/main.c:396:13:MX_I2S3_Init	8	static
../Core/Src/main.c:430:13:MX_SPI1_Init	8	static
../Core/Src/main.c:468:13:MX_TIM2_Init	32	static
../Core/Src/main.c:516:13:MX_TIM3_Init	32	static
../Core/Src/main.c:561:13:MX_TIM4_Init	64	static
../Core/Src/main.c:625:13:MX_GPIO_Init	56	static
../Core/Src/main.c:699:6:Error_Handler	4	static,ignoring_inline_asm
